// Jest Snapshot v1, https://goo.gl/fbAQLP

exports[`<VideoList/> renders 1`] = `
<Col
  className="video-list"
  lg={7}
  xs={24}
>
  <List
    bordered={false}
    dataSource={Array []}
    itemLayout="vertical"
    loadMore={
      <Button
        className="load-more-btn"
        ghost={false}
        loading={false}
        onClick={undefined}
        prefixCls="ant-btn"
        type="primary"
      >
        Load More
      </Button>
    }
    loading={false}
    pagination={false}
    prefixCls="ant-list"
    renderItem={[Function]}
    split={true}
  />
</Col>
`;
